Flow report for ALU
Fri Jul 17 02:39:49 2020
Quartus II 64-Bit Version 13.0.1 Build 232 06/12/2013 Service Pack 1 SJ Web Edition


---------------------
; Table of Contents ;
---------------------
  1. Legal Notice
  2. Flow Summary
  3. Flow Settings
  4. Flow Non-Default Global Settings
  5. Flow Elapsed Time
  6. Flow OS Summary
  7. Flow Log
  8. Flow Messages
  9. Flow Suppressed Messages



----------------
; Legal Notice ;
----------------
Copyright (C) 1991-2013 Altera Corporation
Your use of Altera Corporation's design tools, logic functions 
and other software and tools, and its AMPP partner logic 
functions, and any output files from any of the foregoing 
(including device programming or simulation files), and any 
associated documentation or information are expressly subject 
to the terms and conditions of the Altera Program License 
Subscription Agreement, Altera MegaCore Function License 
Agreement, or other applicable license agreement, including, 
without limitation, that your use is for the sole purpose of 
programming logic devices manufactured by Altera and sold by 
Altera or its authorized distributors.  Please refer to the 
applicable agreement for further details.



+--------------------------------------------------------------------------------------+
; Flow Summary                                                                         ;
+------------------------------------+-------------------------------------------------+
; Flow Status                        ; Successful - Fri Jul 17 02:39:49 2020           ;
; Quartus II 64-Bit Version          ; 13.0.1 Build 232 06/12/2013 SP 1 SJ Web Edition ;
; Revision Name                      ; ALU                                             ;
; Top-level Entity Name              ; HW7                                             ;
; Family                             ; Cyclone II                                      ;
; Total logic elements               ; 2,457 / 4,608 ( 53 % )                          ;
;     Total combinational functions  ; 2,457 / 4,608 ( 53 % )                          ;
;     Dedicated logic registers      ; 992 / 4,608 ( 22 % )                            ;
; Total registers                    ; 992                                             ;
; Total pins                         ; 114 / 158 ( 72 % )                              ;
; Total virtual pins                 ; 0                                               ;
; Total memory bits                  ; 0 / 119,808 ( 0 % )                             ;
; Embedded Multiplier 9-bit elements ; 0 / 26 ( 0 % )                                  ;
; Total PLLs                         ; 0 / 2 ( 0 % )                                   ;
; Device                             ; EP2C5F256C6                                     ;
; Timing Models                      ; Final                                           ;
+------------------------------------+-------------------------------------------------+


+-----------------------------------------+
; Flow Settings                           ;
+-------------------+---------------------+
; Option            ; Setting             ;
+-------------------+---------------------+
; Start date & time ; 07/17/2020 02:31:07 ;
; Main task         ; Compilation         ;
; Revision Name     ; ALU                 ;
+-------------------+---------------------+


+---------------------------------------------------------------------------------------------------------------------+
; Flow Non-Default Global Settings                                                                                    ;
+-------------------------------------+--------------------------------+---------------+-------------+----------------+
; Assignment Name                     ; Value                          ; Default Value ; Entity Name ; Section Id     ;
+-------------------------------------+--------------------------------+---------------+-------------+----------------+
; COMPILER_SIGNATURE_ID               ; 75064541466451.159493686721216 ; --            ; --          ; --             ;
; EDA_GENERATE_FUNCTIONAL_NETLIST     ; On                             ; --            ; --          ; eda_simulation ;
; EDA_OUTPUT_DATA_FORMAT              ; Verilog Hdl                    ; --            ; --          ; eda_simulation ;
; EDA_SIMULATION_TOOL                 ; ModelSim-Altera (Verilog)      ; <None>        ; --          ; --             ;
; IP_TOOL_NAME                        ; LPM_ADD_SUB                    ; --            ; --          ; --             ;
; IP_TOOL_NAME                        ; LPM_ADD_SUB                    ; --            ; --          ; --             ;
; IP_TOOL_NAME                        ; LPM_CLSHIFT                    ; --            ; --          ; --             ;
; IP_TOOL_NAME                        ; LPM_CLSHIFT                    ; --            ; --          ; --             ;
; IP_TOOL_NAME                        ; LPM_COMPARE                    ; --            ; --          ; --             ;
; IP_TOOL_NAME                        ; LPM_MUX                        ; --            ; --          ; --             ;
; IP_TOOL_NAME                        ; LPM_MUX                        ; --            ; --          ; --             ;
; IP_TOOL_NAME                        ; LPM_COMPARE                    ; --            ; --          ; --             ;
; IP_TOOL_VERSION                     ; 13.0                           ; --            ; --          ; --             ;
; IP_TOOL_VERSION                     ; 13.0                           ; --            ; --          ; --             ;
; IP_TOOL_VERSION                     ; 13.0                           ; --            ; --          ; --             ;
; IP_TOOL_VERSION                     ; 13.0                           ; --            ; --          ; --             ;
; IP_TOOL_VERSION                     ; 13.0                           ; --            ; --          ; --             ;
; IP_TOOL_VERSION                     ; 13.0                           ; --            ; --          ; --             ;
; IP_TOOL_VERSION                     ; 13.0                           ; --            ; --          ; --             ;
; IP_TOOL_VERSION                     ; 13.0                           ; --            ; --          ; --             ;
; MISC_FILE                           ; add.bsf                        ; --            ; --          ; --             ;
; MISC_FILE                           ; add_bb.v                       ; --            ; --          ; --             ;
; MISC_FILE                           ; sub.bsf                        ; --            ; --          ; --             ;
; MISC_FILE                           ; sub_bb.v                       ; --            ; --          ; --             ;
; MISC_FILE                           ; shr.bsf                        ; --            ; --          ; --             ;
; MISC_FILE                           ; shr_bb.v                       ; --            ; --          ; --             ;
; MISC_FILE                           ; shl.bsf                        ; --            ; --          ; --             ;
; MISC_FILE                           ; shl_bb.v                       ; --            ; --          ; --             ;
; MISC_FILE                           ; cmp.bsf                        ; --            ; --          ; --             ;
; MISC_FILE                           ; cmp_bb.v                       ; --            ; --          ; --             ;
; MISC_FILE                           ; min.bsf                        ; --            ; --          ; --             ;
; MISC_FILE                           ; min_bb.v                       ; --            ; --          ; --             ;
; MISC_FILE                           ; out.bsf                        ; --            ; --          ; --             ;
; MISC_FILE                           ; out_bb.v                       ; --            ; --          ; --             ;
; MISC_FILE                           ; zero.bsf                       ; --            ; --          ; --             ;
; MISC_FILE                           ; zero_bb.v                      ; --            ; --          ; --             ;
; PARTITION_COLOR                     ; 16764057                       ; --            ; HW7         ; Top            ;
; PARTITION_FITTER_PRESERVATION_LEVEL ; PLACEMENT_AND_ROUTING          ; --            ; HW7         ; Top            ;
; PARTITION_NETLIST_TYPE              ; SOURCE                         ; --            ; HW7         ; Top            ;
; PROJECT_OUTPUT_DIRECTORY            ; output_files                   ; --            ; --          ; --             ;
; TOP_LEVEL_ENTITY                    ; HW7                            ; ALU           ; --          ; --             ;
+-------------------------------------+--------------------------------+---------------+-------------+----------------+


+-------------------------------------------------------------------------------------------------------------------------------+
; Flow Elapsed Time                                                                                                             ;
+---------------------------+--------------+-------------------------+---------------------+------------------------------------+
; Module Name               ; Elapsed Time ; Average Processors Used ; Peak Virtual Memory ; Total CPU Time (on all processors) ;
+---------------------------+--------------+-------------------------+---------------------+------------------------------------+
; Analysis & Synthesis      ; 00:00:12     ; 1.0                     ; 4621 MB             ; 00:00:10                           ;
; Fitter                    ; 00:00:12     ; 1.0                     ; 4825 MB             ; 00:00:08                           ;
; Assembler                 ; 00:00:01     ; 1.0                     ; 4557 MB             ; 00:00:01                           ;
; TimeQuest Timing Analyzer ; 00:00:01     ; 1.0                     ; 4585 MB             ; 00:00:01                           ;
; EDA Netlist Writer        ; 00:00:01     ; 1.0                     ; 4539 MB             ; 00:00:01                           ;
; EDA Netlist Writer        ; 00:00:01     ; 1.0                     ; 4538 MB             ; 00:00:01                           ;
; EDA Netlist Writer        ; 00:00:01     ; 1.0                     ; 4538 MB             ; 00:00:01                           ;
; Total                     ; 00:00:29     ; --                      ; --                  ; 00:00:23                           ;
+---------------------------+--------------+-------------------------+---------------------+------------------------------------+


+----------------------------------------------------------------------------------------+
; Flow OS Summary                                                                        ;
+---------------------------+------------------+-----------+------------+----------------+
; Module Name               ; Machine Hostname ; OS Name   ; OS Version ; Processor type ;
+---------------------------+------------------+-----------+------------+----------------+
; Analysis & Synthesis      ; LAPTOP-4EFFO6AB  ; Windows 7 ; 6.2        ; x86_64         ;
; Fitter                    ; LAPTOP-4EFFO6AB  ; Windows 7 ; 6.2        ; x86_64         ;
; Assembler                 ; LAPTOP-4EFFO6AB  ; Windows 7 ; 6.2        ; x86_64         ;
; TimeQuest Timing Analyzer ; LAPTOP-4EFFO6AB  ; Windows 7 ; 6.2        ; x86_64         ;
; EDA Netlist Writer        ; LAPTOP-4EFFO6AB  ; Windows 7 ; 6.2        ; x86_64         ;
; EDA Netlist Writer        ; LAPTOP-4EFFO6AB  ; Windows 7 ; 6.2        ; x86_64         ;
; EDA Netlist Writer        ; LAPTOP-4EFFO6AB  ; Windows 7 ; 6.2        ; x86_64         ;
+---------------------------+------------------+-----------+------------+----------------+


------------
; Flow Log ;
------------
quartus_map --read_settings_files=on --write_settings_files=off CPU -c ALU
quartus_fit --read_settings_files=off --write_settings_files=off CPU -c ALU
quartus_asm --read_settings_files=off --write_settings_files=off CPU -c ALU
quartus_sta CPU -c ALU
quartus_eda --read_settings_files=off --write_settings_files=off CPU -c ALU
quartus_eda --gen_testbench --check_outputs=on --tool=modelsim_oem --format=verilog CPU -c ALU --vector_source=D:/altera/13.0sp1/Projects/CPU/HW7/Waveform45.vwf --testbench_file=./simulation/qsim/CPU.vt
quartus_eda --functional=on --simulation=on --tool=modelsim_oem --format=verilog CPU -c ALU



